// Jest Snapshot v1, https://goo.gl/fbAQLP

exports[`Given an Animal Service When a request to create a new animal is made Then it should return the right data 1`] = `
Object {
  "breed": "Bengali",
  "gender": "Female",
  "name": "Manchas",
  "vaccinated": true,
}
`;
